******************************************************************************
                  TI ARM Linker Unix v18.1.2                   
******************************************************************************
>> Linked Wed Sep 19 18:42:43 2018

OUTPUT FILE NAME:   <EGR 326 Lab 03 Pre Lab.out>
ENTRY POINT SYMBOL: "_c_int00_noargs"  address: 00002d2d


MEMORY CONFIGURATION

         name            origin    length      used     unused   attr    fill
----------------------  --------  ---------  --------  --------  ----  --------
  MAIN                  00000000   00040000  000031e0  0003ce20  R  X
  INFO                  00200000   00004000  00000000  00004000  R  X
  SRAM_CODE             01000000   00010000  00000000  00010000  RW X
  SRAM_DATA             20000000   00010000  00000dba  0000f246  RW  


SEGMENT ALLOCATION MAP

run origin  load origin   length   init length attrs members
----------  ----------- ---------- ----------- ----- -------
00000000    00000000    000031e0   000031e0    r-x
  00000000    00000000    00000140   00000140    r-- .intvecs
  00000140    00000140    00002f04   00002f04    r-x .text
  00003044    00003044    00000104   00000104    r-- .const
  00003148    00003148    00000098   00000098    r-- .cinit
20000000    20000000    00000bbc   00000000    rw-
  20000000    20000000    00000800   00000000    rw- .sysmem
  20000800    20000800    000001f2   00000000    rw- .data
  200009f4    200009f4    000001c8   00000000    rw- .bss
2000fe00    2000fe00    00000200   00000000    rw-
  2000fe00    2000fe00    00000200   00000000    rw- .stack


SECTION ALLOCATION MAP

 output                                  attributes/
section   page    origin      length       input sections
--------  ----  ----------  ----------   ----------------
.intvecs   0    00000000    00000140     
                  00000000    00000140     startup_msp432p401r_ccs.obj (.intvecs:retain)

.text      0    00000140    00002f04     
                  00000140    00000a5e     rtsv7M4_T_le_v4SPD16_eabi.lib : _printfi.c.obj (.text:__TI_printfi)
                  00000b9e    00000002                                   : _lock.c.obj (.text:_nop)
                  00000ba0    00000328     system_msp432p401r.obj (.text)
                  00000ec8    00000290     main.obj (.text)
                  00001158    00000270     rtsv7M4_T_le_v4SPD16_eabi.lib : _printfi.c.obj (.text:_pconv_a)
                  000013c8    000001d0                                   : _printfi.c.obj (.text:_pconv_g)
                  00001598    000001b6                                   : fd_add_t2.asm.obj (.text)
                  0000174e    00000002                                   : div0.asm.obj (.text)
                  00001750    0000013c                                   : _printfi.c.obj (.text:_pconv_e)
                  0000188c    00000136                                   : fd_div_t2.asm.obj (.text)
                  000019c2    00000002     --HOLE-- [fill = 0]
                  000019c4    00000120                                   : _printfi.c.obj (.text:fcvt)
                  00001ae4    00000114                                   : fputs.c.obj (.text:fputs)
                  00001bf8    00000110                                   : s_scalbn.c.obj (.text:scalbn)
                  00001d08    000000fc                                   : fd_mul_t2.asm.obj (.text)
                  00001e04    000000dc                                   : setvbuf.c.obj (.text:setvbuf)
                  00001ee0    000000d8                                   : memory.c.obj (.text:free)
                  00001fb8    000000b1                                   : _printfi.c.obj (.text:_ltostr)
                  00002069    00000001     --HOLE-- [fill = 0]
                  0000206a    0000009c                                   : memcpy_t2.asm.obj (.text)
                  00002106    00000096                                   : ull_div_t2.asm.obj (.text)
                  0000219c    0000008c                                   : fputc.c.obj (.text:fputc)
                  00002228    00000086                                   : fd_cmp_t2.asm.obj (.text:__aeabi_cdcmple)
                  000022ae    00000086                                   : fd_cmp_t2.asm.obj (.text:__aeabi_cdrcmple)
                  00002334    0000007a                                   : memset_t2.asm.obj (.text)
                  000023ae    00000002     --HOLE-- [fill = 0]
                  000023b0    00000078                                   : memory.c.obj (.text:malloc)
                  00002428    00000074                                   : fclose.c.obj (.text:__TI_closefile)
                  0000249c    0000006e                                   : _printfi.c.obj (.text:_mcpy)
                  0000250a    00000002     --HOLE-- [fill = 0]
                  0000250c    00000068                                   : hostlseek.c.obj (.text:HOSTlseek)
                  00002574    00000068                                   : hostrename.c.obj (.text:HOSTrename)
                  000025dc    00000068                                   : copy_decompress_lzss.c.obj (.text:decompress:lzss:__TI_decompress_lzss)
                  00002644    00000068                                   : printf.c.obj (.text:printf)
                  000026ac    00000064                                   : s_frexp.c.obj (.text:frexp)
                  00002710    00000064                                   : fseek.c.obj (.text:fseek)
                  00002774    00000062                                   : _io_perm.c.obj (.text:__TI_wrt_ok)
                  000027d6    00000002     --HOLE-- [fill = 0]
                  000027d8    00000060                                   : hostopen.c.obj (.text:HOSTopen)
                  00002838    0000005c                                   : close.c.obj (.text:close)
                  00002894    00000058                                   : hostread.c.obj (.text:HOSTread)
                  000028ec    00000058                                   : hostwrite.c.obj (.text:HOSTwrite)
                  00002944    00000056                                   : _printfi.c.obj (.text:_pconv_f)
                  0000299a    00000054                                   : ltoa.c.obj (.text:ltoa)
                  000029ee    00000052                                   : _printfi.c.obj (.text:_ecpy)
                  00002a40    0000004c                                   : fflush.c.obj (.text:__TI_doflush)
                  00002a8c    0000004c                                   : atoi.c.obj (.text:atoi)
                  00002ad8    00000048                                   : exit.c.obj (.text:exit)
                  00002b20    00000048                                   : fd_toi_t2.asm.obj (.text)
                  00002b68    00000044                                   : hostclose.c.obj (.text:HOSTclose)
                  00002bac    00000044                                   : hostunlink.c.obj (.text:HOSTunlink)
                  00002bf0    00000044                                   : autoinit.c.obj (.text:__TI_auto_init_nobinit_nopinit:__TI_auto_init_nobinit_nopinit)
                  00002c34    00000044                                   : getdevice.c.obj (.text:getdevice)
                  00002c78    0000003e                                   : _printfi.c.obj (.text:_fcpy)
                  00002cb6    00000002     --HOLE-- [fill = 0]
                  00002cb8    0000003c                                   : memory.c.obj (.text:minsert)
                  00002cf4    00000038                                   : trgmsg.c.obj (.text:__TI_writemsg)
                  00002d2c    00000038                                   : boot_cortex_m.c.obj (.text:_c_int00_noargs:_c_int00_noargs)
                  00002d64    00000038                                   : memory.c.obj (.text:minit)
                  00002d9c    00000036                                   : strncpy.c.obj (.text:strncpy)
                  00002dd2    00000002     --HOLE-- [fill = 0]
                  00002dd4    00000034                                   : fopen.c.obj (.text:__TI_cleanup)
                  00002e08    00000034                                   : trgmsg.c.obj (.text:__TI_readmsg)
                  00002e3c    00000030                                   : getdevice.c.obj (.text:finddevice)
                  00002e6c    0000002e                                   : i_tofd_t2.asm.obj (.text)
                  00002e9a    00000002     --HOLE-- [fill = 0]
                  00002e9c    0000002c                                   : unlink.c.obj (.text:unlink)
                  00002ec8    00000028                                   : lseek.c.obj (.text:lseek)
                  00002ef0    00000028                                   : memory.c.obj (.text:mremove)
                  00002f18    00000028                                   : write.c.obj (.text:write)
                  00002f40    00000020                                   : memchr.c.obj (.text:memchr)
                  00002f60    0000001c                                   : memccpy.c.obj (.text:memccpy)
                  00002f7c    00000018                                   : strcmp.c.obj (.text:strcmp)
                  00002f94    00000016                                   : strchr.c.obj (.text:strchr)
                  00002faa    00000014                                   : s_copysign.c.obj (.text:copysign)
                  00002fbe    00000014                                   : strcpy.c.obj (.text:strcpy)
                  00002fd2    00000014                                   : strlen.c.obj (.text:strlen)
                  00002fe6    00000012                                   : copy_zero_init.c.obj (.text:decompress:ZI:__TI_zero_init_nomemset:__TI_zero_init_nomemset)
                  00002ff8    00000012     startup_msp432p401r_ccs.obj (.text)
                  0000300a    00000012     rtsv7M4_T_le_v4SPD16_eabi.lib : wcslen.c.obj (.text:wcslen)
                  0000301c    0000000e                                   : copy_decompress_none.c.obj (.text:decompress:none:__TI_decompress_none)
                  0000302a    00000002     --HOLE-- [fill = 0]
                  0000302c    00000008                                   : errno.c.obj (.text:__aeabi_errno_addr)
                  00003034    00000004                                   : printf.c.obj (.text:_outc)
                  00003038    00000004                                   : printf.c.obj (.text:_outs)
                  0000303c    00000004                                   : pre_init.c.obj (.text:_system_pre_init)
                  00003040    00000004                                   : exit.c.obj (.text:abort:abort)

.const     0    00003044    00000104     
                  00003044    00000101     rtsv7M4_T_le_v4SPD16_eabi.lib : ctype.c.obj (.const:.string:_ctypes_)
                  00003145    00000003     main.obj (.const:.string:$P$T0$1)

.cinit     0    00003148    00000098     
                  00003148    00000073     (.cinit..data.load) [load image, compression = lzss]
                  000031bb    00000001     --HOLE-- [fill = 0]
                  000031bc    0000000c     (__TI_handler_table)
                  000031c8    00000008     (.cinit..bss.load) [load image, compression = zero_init]
                  000031d0    00000010     (__TI_cinit_table)

.init_array 
*          0    00000000    00000000     UNINITIALIZED

.sysmem    0    20000000    00000800     UNINITIALIZED
                  20000000    00000008     rtsv7M4_T_le_v4SPD16_eabi.lib : memory.c.obj (.sysmem)
                  20000008    000007f8     --HOLE--

.data      0    20000800    000001f2     UNINITIALIZED
                  20000800    000000f0     rtsv7M4_T_le_v4SPD16_eabi.lib : defs.c.obj (.data:_ftable)
                  200008f0    00000078                                   : write.c.obj (.data:_device)
                  20000968    00000050                                   : write.c.obj (.data:_stream)
                  200009b8    00000010                                   : defs.c.obj (.data)
                  200009c8    0000000c                                   : exit.c.obj (.data:$O1$$)
                  200009d4    0000000c                                   : memory.c.obj (.data:$O1$$)
                  200009e0    00000008                                   : _lock.c.obj (.data:$O1$$)
                  200009e8    00000004                                   : errno.c.obj (.data)
                  200009ec    00000004     system_msp432p401r.obj (.data)
                  200009f0    00000002     main.obj (.data)

.bss       0    200009f4    000001c8     UNINITIALIZED
                  200009f4    00000120     rtsv7M4_T_le_v4SPD16_eabi.lib : trgmsg.c.obj (.bss:_CIOBUF_)
                  20000b14    000000a0     (.common:__TI_tmpnams)
                  20000bb4    00000008     (.common:parmbuf)

.stack     0    2000fe00    00000200     UNINITIALIZED
                  2000fe00    00000004     rtsv7M4_T_le_v4SPD16_eabi.lib : boot_cortex_m.c.obj (.stack)
                  2000fe04    000001fc     --HOLE--

MODULE SUMMARY

       Module                        code    ro data   rw data
       ------                        ----    -------   -------
    ./
       system_msp432p401r.obj        808     0         4      
       main.obj                      656     3         2      
       startup_msp432p401r_ccs.obj   18      320       0      
    +--+-----------------------------+-------+---------+---------+
       Total:                        1482    323       6      
                                                              
    /Applications/ti/ccsv8/tools/compiler/ti-cgt-arm_18.1.2.LTS/lib/rtsv7M4_T_le_v4SPD16_eabi.lib
       _printfi.c.obj                4863    0         0      
       memory.c.obj                  492     0         12     
       fd_add_t2.asm.obj             438     0         0      
       defs.c.obj                    0       0         416    
       trgmsg.c.obj                  108     0         288    
       fd_div_t2.asm.obj             310     0         0      
       fputs.c.obj                   276     0         0      
       s_scalbn.c.obj                272     0         0      
       fd_cmp_t2.asm.obj             268     0         0      
       ctype.c.obj                   0       257       0      
       fd_mul_t2.asm.obj             252     0         0      
       write.c.obj                   40      0         200    
       setvbuf.c.obj                 220     0         0      
       memcpy_t2.asm.obj             156     0         0      
       ull_div_t2.asm.obj            150     0         0      
       fputc.c.obj                   140     0         0      
       memset_t2.asm.obj             122     0         0      
       fclose.c.obj                  116     0         0      
       getdevice.c.obj               116     0         0      
       printf.c.obj                  112     0         0      
       copy_decompress_lzss.c.obj    104     0         0      
       hostlseek.c.obj               104     0         0      
       hostopen.c.obj                96      0         8      
       hostrename.c.obj              104     0         0      
       fseek.c.obj                   100     0         0      
       s_frexp.c.obj                 100     0         0      
       _io_perm.c.obj                98      0         0      
       close.c.obj                   92      0         0      
       exit.c.obj                    76      0         12     
       hostread.c.obj                88      0         0      
       hostwrite.c.obj               88      0         0      
       ltoa.c.obj                    84      0         0      
       atoi.c.obj                    76      0         0      
       fflush.c.obj                  76      0         0      
       fd_toi_t2.asm.obj             72      0         0      
       autoinit.c.obj                68      0         0      
       hostclose.c.obj               68      0         0      
       hostunlink.c.obj              68      0         0      
       boot_cortex_m.c.obj           56      0         0      
       strncpy.c.obj                 54      0         0      
       fopen.c.obj                   52      0         0      
       i_tofd_t2.asm.obj             46      0         0      
       unlink.c.obj                  44      0         0      
       lseek.c.obj                   40      0         0      
       memchr.c.obj                  32      0         0      
       memccpy.c.obj                 28      0         0      
       strcmp.c.obj                  24      0         0      
       strchr.c.obj                  22      0         0      
       s_copysign.c.obj              20      0         0      
       strcpy.c.obj                  20      0         0      
       strlen.c.obj                  20      0         0      
       copy_zero_init.c.obj          18      0         0      
       wcslen.c.obj                  18      0         0      
       copy_decompress_none.c.obj    14      0         0      
       errno.c.obj                   8       0         4      
       _lock.c.obj                   2       0         8      
       pre_init.c.obj                4       0         0      
       div0.asm.obj                  2       0         0      
    +--+-----------------------------+-------+---------+---------+
       Total:                        10537   257       948    
                                                              
       Heap:                         0       0         2048   
       Stack:                        0       0         512    
       Linker Generated:             0       151       0      
    +--+-----------------------------+-------+---------+---------+
       Grand Total:                  12019   731       3514   


LINKER GENERATED COPY TABLES

__TI_cinit_table @ 000031d0 records: 2, size/record: 8, table size: 16
	.data: load addr=00003148, load size=00000073 bytes, run addr=20000800, run size=000001f2 bytes, compression=lzss
	.bss: load addr=000031c8, load size=00000008 bytes, run addr=200009f4, run size=000001c8 bytes, compression=zero_init


LINKER GENERATED HANDLER TABLE

__TI_handler_table @ 000031bc records: 3, size/record: 4, table size: 12
	index: 0, handler: __TI_decompress_lzss
	index: 1, handler: __TI_decompress_none
	index: 2, handler: __TI_zero_init


GLOBAL SYMBOLS: SORTED ALPHABETICALLY BY Name 

address   name                           
-------   ----                           
00003041  C$$EXIT                        
00002d23  C$$IO$$                        
00002b69  HOSTclose                      
0000250d  HOSTlseek                      
000027d9  HOSTopen                       
00002895  HOSTread                       
00002575  HOSTrename                     
00002bad  HOSTunlink                     
000028ed  HOSTwrite                      
200009ec  SystemCoreClock                
00000ba1  SystemCoreClockUpdate          
00000e15  SystemInit                     
4000480c  WDTCTL_SYM                     
200009f4  __CIOBUF_                      
20010000  __STACK_END                    
00000200  __STACK_SIZE                   
00000800  __SYSMEM_SIZE                  
000031d0  __TI_CINIT_Base                
000031e0  __TI_CINIT_Limit               
000031bc  __TI_Handler_Table_Base        
000031c8  __TI_Handler_Table_Limit       
00002bf1  __TI_auto_init_nobinit_nopinit 
00002dd5  __TI_cleanup                   
200009c8  __TI_cleanup_ptr               
00002429  __TI_closefile                 
000025dd  __TI_decompress_lzss           
0000301d  __TI_decompress_none           
00002a41  __TI_doflush                   
200009cc  __TI_dtors_ptr                 
200009d0  __TI_enable_exit_profile_output
200009b8  __TI_ft_end                    
ffffffff  __TI_pprof_out_hndl            
00000141  __TI_printfi                   
ffffffff  __TI_prof_data_size            
ffffffff  __TI_prof_data_start           
00002e09  __TI_readmsg                   
00000000  __TI_static_base__             
20000b14  __TI_tmpnams                   
00002cf5  __TI_writemsg                  
00002775  __TI_wrt_ok                    
00002fe7  __TI_zero_init_nomemset        
00002229  __aeabi_cdcmpeq                
00002229  __aeabi_cdcmple                
000022af  __aeabi_cdrcmple               
00002b21  __aeabi_d2iz                   
000015a3  __aeabi_dadd                   
0000188d  __aeabi_ddiv                   
00001d09  __aeabi_dmul                   
00001599  __aeabi_dsub                   
0000302d  __aeabi_errno_addr             
00002e6d  __aeabi_i2d                    
0000174f  __aeabi_idiv0                  
0000174f  __aeabi_ldiv0                  
00002335  __aeabi_memclr                 
00002335  __aeabi_memclr4                
00002335  __aeabi_memclr8                
0000206b  __aeabi_memcpy                 
0000206b  __aeabi_memcpy4                
0000206b  __aeabi_memcpy8                
00002337  __aeabi_memset                 
00002337  __aeabi_memset4                
00002337  __aeabi_memset8                
200009c4  __aeabi_stderr                 
200009bc  __aeabi_stdin                  
200009c0  __aeabi_stdout                 
00002107  __aeabi_uldivmod               
ffffffff  __binit__                      
ffffffff  __c_args__                     
UNDEFED   __mpu_init                     
2000fe00  __stack                        
00002d2d  _c_int00_noargs                
00003044  _ctypes_                       
200008f0  _device                        
20000800  _ftable                        
200009e0  _lock                          
00000b9f  _nop                           
20000968  _stream                        
20000000  _sys_memory                    
UNDEFED   _system_post_cinit             
0000303d  _system_pre_init               
200009e4  _unlock                        
00003041  abort                          
00002a8d  atoi                           
ffffffff  binit                          
00002839  close                          
00002fab  copysign                       
00002fab  copysignl                      
00001063  debounce                       
200009e8  errno                          
00002ad9  exit                           
00002e3d  finddevice                     
0000219d  fputc                          
00001ae5  fputs                          
00001ee1  free                           
000026ad  frexp                          
000026ad  frexpl                         
00002711  fseek                          
00002c35  getdevice                      
00000000  interruptVectors               
00000f31  keypad_getkey                  
00001bf9  ldexp                          
00001bf9  ldexpl                         
00002ec9  lseek                          
0000299b  ltoa                           
00000ec9  main                           
000023b1  malloc                         
00002f61  memccpy                        
00002f41  memchr                         
0000206b  memcpy                         
0000233d  memset                         
00002d65  minit                          
20000bb4  parmbuf                        
00000ffd  pinInit                        
00002645  printf                         
0000219d  putc                           
00002e9d  remove                         
00001bf9  scalbn                         
00001bf9  scalbnl                        
00001e05  setvbuf                        
00002f95  strchr                         
00002f7d  strcmp                         
00002fbf  strcpy                         
00002fd3  strlen                         
00002d9d  strncpy                        
00002e9d  unlink                         
0000300b  wcslen                         
00002f19  write                          


GLOBAL SYMBOLS: SORTED BY Symbol Address 

address   name                           
-------   ----                           
00000000  __TI_static_base__             
00000000  interruptVectors               
00000141  __TI_printfi                   
00000200  __STACK_SIZE                   
00000800  __SYSMEM_SIZE                  
00000b9f  _nop                           
00000ba1  SystemCoreClockUpdate          
00000e15  SystemInit                     
00000ec9  main                           
00000f31  keypad_getkey                  
00000ffd  pinInit                        
00001063  debounce                       
00001599  __aeabi_dsub                   
000015a3  __aeabi_dadd                   
0000174f  __aeabi_idiv0                  
0000174f  __aeabi_ldiv0                  
0000188d  __aeabi_ddiv                   
00001ae5  fputs                          
00001bf9  ldexp                          
00001bf9  ldexpl                         
00001bf9  scalbn                         
00001bf9  scalbnl                        
00001d09  __aeabi_dmul                   
00001e05  setvbuf                        
00001ee1  free                           
0000206b  __aeabi_memcpy                 
0000206b  __aeabi_memcpy4                
0000206b  __aeabi_memcpy8                
0000206b  memcpy                         
00002107  __aeabi_uldivmod               
0000219d  fputc                          
0000219d  putc                           
00002229  __aeabi_cdcmpeq                
00002229  __aeabi_cdcmple                
000022af  __aeabi_cdrcmple               
00002335  __aeabi_memclr                 
00002335  __aeabi_memclr4                
00002335  __aeabi_memclr8                
00002337  __aeabi_memset                 
00002337  __aeabi_memset4                
00002337  __aeabi_memset8                
0000233d  memset                         
000023b1  malloc                         
00002429  __TI_closefile                 
0000250d  HOSTlseek                      
00002575  HOSTrename                     
000025dd  __TI_decompress_lzss           
00002645  printf                         
000026ad  frexp                          
000026ad  frexpl                         
00002711  fseek                          
00002775  __TI_wrt_ok                    
000027d9  HOSTopen                       
00002839  close                          
00002895  HOSTread                       
000028ed  HOSTwrite                      
0000299b  ltoa                           
00002a41  __TI_doflush                   
00002a8d  atoi                           
00002ad9  exit                           
00002b21  __aeabi_d2iz                   
00002b69  HOSTclose                      
00002bad  HOSTunlink                     
00002bf1  __TI_auto_init_nobinit_nopinit 
00002c35  getdevice                      
00002cf5  __TI_writemsg                  
00002d23  C$$IO$$                        
00002d2d  _c_int00_noargs                
00002d65  minit                          
00002d9d  strncpy                        
00002dd5  __TI_cleanup                   
00002e09  __TI_readmsg                   
00002e3d  finddevice                     
00002e6d  __aeabi_i2d                    
00002e9d  remove                         
00002e9d  unlink                         
00002ec9  lseek                          
00002f19  write                          
00002f41  memchr                         
00002f61  memccpy                        
00002f7d  strcmp                         
00002f95  strchr                         
00002fab  copysign                       
00002fab  copysignl                      
00002fbf  strcpy                         
00002fd3  strlen                         
00002fe7  __TI_zero_init_nomemset        
0000300b  wcslen                         
0000301d  __TI_decompress_none           
0000302d  __aeabi_errno_addr             
0000303d  _system_pre_init               
00003041  C$$EXIT                        
00003041  abort                          
00003044  _ctypes_                       
000031bc  __TI_Handler_Table_Base        
000031c8  __TI_Handler_Table_Limit       
000031d0  __TI_CINIT_Base                
000031e0  __TI_CINIT_Limit               
20000000  _sys_memory                    
20000800  _ftable                        
200008f0  _device                        
20000968  _stream                        
200009b8  __TI_ft_end                    
200009bc  __aeabi_stdin                  
200009c0  __aeabi_stdout                 
200009c4  __aeabi_stderr                 
200009c8  __TI_cleanup_ptr               
200009cc  __TI_dtors_ptr                 
200009d0  __TI_enable_exit_profile_output
200009e0  _lock                          
200009e4  _unlock                        
200009e8  errno                          
200009ec  SystemCoreClock                
200009f4  __CIOBUF_                      
20000b14  __TI_tmpnams                   
20000bb4  parmbuf                        
2000fe00  __stack                        
20010000  __STACK_END                    
4000480c  WDTCTL_SYM                     
ffffffff  __TI_pprof_out_hndl            
ffffffff  __TI_prof_data_size            
ffffffff  __TI_prof_data_start           
ffffffff  __binit__                      
ffffffff  __c_args__                     
ffffffff  binit                          
UNDEFED   __mpu_init                     
UNDEFED   _system_post_cinit             

[127 symbols]
