******************************************************************************
                  TI ARM Linker Unix v18.1.2                   
******************************************************************************
>> Linked Sun Oct 21 21:37:32 2018

OUTPUT FILE NAME:   <Listing 9.4 The UART PWM Application, Using DirverLib Functions.out>
ENTRY POINT SYMBOL: "_c_int00_noargs"  address: 00000db9


MEMORY CONFIGURATION

         name            origin    length      used     unused   attr    fill
----------------------  --------  ---------  --------  --------  ----  --------
  MAIN                  00000000   00040000  0000110e  0003eef2  R  X
  INFO                  00200000   00004000  00000000  00004000  R  X
  SRAM_CODE             01000000   00010000  00000000  00010000  RW X
  SRAM_DATA             20000000   00010000  00000288  0000fd78  RW  


SEGMENT ALLOCATION MAP

run origin  load origin   length   init length attrs members
----------  ----------- ---------- ----------- ----- -------
00000000    00000000    00001110   00001110    r-x
  00000000    00000000    00000140   00000140    r-- .intvecs
  00000140    00000140    00000eda   00000eda    r-x .text
  0000101c    0000101c    00000064   00000064    r-- .const
  00001080    00001080    00000090   00000090    r-- .cinit
20000000    20000000    00000088   00000000    rw-
  20000000    20000000    00000084   00000000    rw- .data
  20000084    20000084    00000004   00000000    rw- .bss
2000fe00    2000fe00    00000200   00000000    rw-
  2000fe00    2000fe00    00000200   00000000    rw- .stack


SECTION ALLOCATION MAP

 output                                  attributes/
section   page    origin      length       input sections
--------  ----  ----------  ----------   ----------------
.intvecs   0    00000000    00000140     
                  00000000    00000140     startup_msp432p401r_ccs.obj (.intvecs:retain)

.text      0    00000140    00000eda     
                  00000140    00000328     system_msp432p401r.obj (.text)
                  00000468    000001a0     msp432p4xx_driverlib.lib : pcm.o (.text:__PCM_setPowerStateAdvanced)
                  00000608    00000188     main.obj (.text)
                  00000790    000000dc     msp432p4xx_driverlib.lib : pcm.o (.text:__PCM_setPowerModeAdvanced)
                  0000086c    000000b2                              : timer_a.o (.text:privateTimer_AProcessClockSourceDivider)
                  0000091e    00000002     --HOLE-- [fill = 0]
                  00000920    000000b0                              : pcm.o (.text:__PCM_setCoreVoltageLevelAdvanced)
                  000009d0    0000009c     rtsv7M4_T_le_v4SPD16_eabi.lib : memcpy_t2.asm.obj (.text)
                  00000a6c    00000094     msp432p4xx_driverlib.lib : uart.o (.text:UART_initModule)
                  00000b00    0000007c                              : pcm.o (.text:PCM_gotoLPM3)
                  00000b7c    00000068     rtsv7M4_T_le_v4SPD16_eabi.lib : copy_decompress_lzss.c.obj (.text:decompress:lzss:__TI_decompress_lzss)
                  00000be4    00000064     msp432p4xx_driverlib.lib : interrupt.o (.text:Interrupt_enableInterrupt)
                  00000c48    00000050                              : pcm.o (.text:PCM_shutdownDevice)
                  00000c98    0000004c                              : gpio.o (.text:GPIO_setAsPeripheralModuleFunctionOutputPin)
                  00000ce4    00000048                              : gpio.o (.text:GPIO_setAsPeripheralModuleFunctionInputPin)
                  00000d2c    00000048                              : timer_a.o (.text:Timer_A_generatePWM)
                  00000d74    00000044     rtsv7M4_T_le_v4SPD16_eabi.lib : autoinit.c.obj (.text:__TI_auto_init_nobinit_nopinit:__TI_auto_init_nobinit_nopinit)
                  00000db8    00000038                                   : boot_cortex_m.c.obj (.text:_c_int00_noargs:_c_int00_noargs)
                  00000df0    00000030     msp432p4xx_driverlib.lib : uart.o (.text:UART_getEnabledInterruptStatus)
                  00000e20    0000002c                              : pcm.o (.text:PCM_getCoreVoltageLevel)
                  00000e4c    0000002a                              : pcm.o (.text:PCM_getPowerMode)
                  00000e76    00000002     --HOLE-- [fill = 0]
                  00000e78    00000028                              : pcm.o (.text:PCM_gotoLPM0)
                  00000ea0    00000024                              : cs.o (.text:CS_setDCOCenteredFrequency)
                  00000ec4    00000024                              : rtc_c.o (.text:RTC_C_holdClock)
                  00000ee8    00000024                              : uart.o (.text:UART_receiveData)
                  00000f0c    00000024                              : uart.o (.text:UART_transmitData)
                  00000f30    00000018                              : wdt_a.o (.text:WDT_A_holdTimer)
                  00000f48    00000016                              : uart.o (.text:UART_enableInterrupt)
                  00000f5e    00000002     --HOLE-- [fill = 0]
                  00000f60    00000014                              : interrupt.o (.text:Interrupt_enableSleepOnIsrExit)
                  00000f74    00000012     rtsv7M4_T_le_v4SPD16_eabi.lib : copy_zero_init.c.obj (.text:decompress:ZI:__TI_zero_init_nomemset:__TI_zero_init_nomemset)
                  00000f86    00000012     startup_msp432p401r_ccs.obj (.text)
                  00000f98    00000010     msp432p4xx_driverlib.lib : interrupt.o (.text:Interrupt_enableMaster)
                  00000fa8    00000010                              : pcm.o (.text:PCM_gotoLPM4)
                  00000fb8    0000000e                              : uart.o (.text:UART_clearInterruptFlag)
                  00000fc6    0000000e     rtsv7M4_T_le_v4SPD16_eabi.lib : copy_decompress_none.c.obj (.text:decompress:none:__TI_decompress_none)
                  00000fd4    0000000c     msp432p4xx_driverlib.lib : cpu.o (.text:CPU_cpsie)
                  00000fe0    0000000c                              : pcm.o (.text:PCM_getPowerState)
                  00000fec    0000000c                              : uart.o (.text:UART_enableModule)
                  00000ff8    00000008                              : pcm.o (.text:PCM_setPowerMode)
                  00001000    00000008                              : pcm.o (.text:PCM_setPowerState)
                  00001008    00000006                              : uart.o (.text:UART_getInterruptStatus)
                  0000100e    00000004                              : cpu.o (.text:CPU_wfi)
                  00001012    00000004     rtsv7M4_T_le_v4SPD16_eabi.lib : pre_init.c.obj (.text:_system_pre_init)
                  00001016    00000004                                   : exit.c.obj (.text:abort:abort)

.const     0    0000101c    00000064     
                  0000101c    00000040     msp432p4xx_driverlib.lib : interrupt.o (.const)
                  0000105c    00000024     main.obj (.const:uartConfig)

.cinit     0    00001080    00000090     
                  00001080    00000065     (.cinit..data.load) [load image, compression = lzss]
                  000010e5    00000003     --HOLE-- [fill = 0]
                  000010e8    0000000c     (__TI_handler_table)
                  000010f4    00000004     --HOLE-- [fill = 0]
                  000010f8    00000008     (.cinit..bss.load) [load image, compression = zero_init]
                  00001100    00000010     (__TI_cinit_table)

.init_array 
*          0    00000000    00000000     UNINITIALIZED

.data      0    20000000    00000084     UNINITIALIZED
                  20000000    00000030     msp432p4xx_driverlib.lib : gpio.o (.data:GPIO_PORT_TO_BASE)
                  20000030    00000019     main.obj (.data:enter_new)
                  20000049    00000003     --HOLE--
                  2000004c    00000018     main.obj (.data:pwmConfig)
                  20000064    00000013     main.obj (.data:enter)
                  20000077    00000001     --HOLE--
                  20000078    00000005     main.obj (.data)
                  2000007d    00000003     --HOLE--
                  20000080    00000004     system_msp432p401r.obj (.data)

.bss       0    20000084    00000004     UNINITIALIZED
                  20000084    00000004     (.common:digits)

.stack     0    2000fe00    00000200     UNINITIALIZED
                  2000fe00    00000004     rtsv7M4_T_le_v4SPD16_eabi.lib : boot_cortex_m.c.obj (.stack)
                  2000fe04    000001fc     --HOLE--

MODULE SUMMARY

       Module                        code   ro data   rw data
       ------                        ----   -------   -------
    ./
       system_msp432p401r.obj        808    0         4      
       main.obj                      392    36        77     
       startup_msp432p401r_ccs.obj   18     320       0      
    +--+-----------------------------+------+---------+---------+
       Total:                        1218   356       81     
                                                             
    /Applications/ti/ccsv8/tools/compiler/ti-cgt-arm_18.1.2.LTS/lib/rtsv7M4_T_le_v4SPD16_eabi.lib
       memcpy_t2.asm.obj             156    0         0      
       copy_decompress_lzss.c.obj    104    0         0      
       autoinit.c.obj                68     0         0      
       boot_cortex_m.c.obj           56     0         0      
       copy_zero_init.c.obj          18     0         0      
       copy_decompress_none.c.obj    14     0         0      
       exit.c.obj                    4      0         0      
       pre_init.c.obj                4      0         0      
    +--+-----------------------------+------+---------+---------+
       Total:                        424    0         0      
                                                             
    /Applications/ti/msp/MSP432Ware_3_50_00_02/driverlib/driverlib/MSP432P4xx/ccs/msp432p4xx_driverlib.lib
       pcm.o                         1186   0         0      
       uart.o                        322    0         0      
       timer_a.o                     250    0         0      
       interrupt.o                   136    64        0      
       gpio.o                        148    0         48     
       cs.o                          36     0         0      
       rtc_c.o                       36     0         0      
       wdt_a.o                       24     0         0      
       cpu.o                         16     0         0      
    +--+-----------------------------+------+---------+---------+
       Total:                        2154   64        48     
                                                             
       Stack:                        0      0         512    
       Linker Generated:             0      137       0      
    +--+-----------------------------+------+---------+---------+
       Grand Total:                  3796   557       641    


LINKER GENERATED COPY TABLES

__TI_cinit_table @ 00001100 records: 2, size/record: 8, table size: 16
	.data: load addr=00001080, load size=00000065 bytes, run addr=20000000, run size=00000084 bytes, compression=lzss
	.bss: load addr=000010f8, load size=00000008 bytes, run addr=20000084, run size=00000004 bytes, compression=zero_init


LINKER GENERATED HANDLER TABLE

__TI_handler_table @ 000010e8 records: 3, size/record: 4, table size: 12
	index: 0, handler: __TI_decompress_lzss
	index: 1, handler: __TI_decompress_none
	index: 2, handler: __TI_zero_init


GLOBAL SYMBOLS: SORTED ALPHABETICALLY BY Name 

address   name                                       
-------   ----                                       
00001017  C$$EXIT                                    
00000fd5  CPU_cpsie                                  
0000100f  CPU_wfi                                    
00000ea1  CS_setDCOCenteredFrequency                 
0000065d  EUSCIA0_IRQHandler                         
00000ce5  GPIO_setAsPeripheralModuleFunctionInputPin 
00000c99  GPIO_setAsPeripheralModuleFunctionOutputPin
00000be5  Interrupt_enableInterrupt                  
00000f99  Interrupt_enableMaster                     
00000f61  Interrupt_enableSleepOnIsrExit             
00000e21  PCM_getCoreVoltageLevel                    
00000e4d  PCM_getPowerMode                           
00000fe1  PCM_getPowerState                          
00000e79  PCM_gotoLPM0                               
00000b01  PCM_gotoLPM3                               
00000fa9  PCM_gotoLPM4                               
00000ff9  PCM_setPowerMode                           
00001001  PCM_setPowerState                          
00000c49  PCM_shutdownDevice                         
00000ec5  RTC_C_holdClock                            
2000007c  RXByteCounter                              
20000080  SystemCoreClock                            
00000141  SystemCoreClockUpdate                      
000003b5  SystemInit                                 
00000d2d  Timer_A_generatePWM                        
00000fb9  UART_clearInterruptFlag                    
00000f49  UART_enableInterrupt                       
00000fed  UART_enableModule                          
00000df1  UART_getEnabledInterruptStatus             
00001009  UART_getInterruptStatus                    
00000a6d  UART_initModule                            
00000ee9  UART_receiveData                           
00000f0d  UART_transmitData                          
4000480c  WDTCTL_SYM                                 
00000f31  WDT_A_holdTimer                            
20010000  __STACK_END                                
00000200  __STACK_SIZE                               
00001100  __TI_CINIT_Base                            
00001110  __TI_CINIT_Limit                           
000010e8  __TI_Handler_Table_Base                    
000010f4  __TI_Handler_Table_Limit                   
00000d75  __TI_auto_init_nobinit_nopinit             
00000b7d  __TI_decompress_lzss                       
00000fc7  __TI_decompress_none                       
ffffffff  __TI_pprof_out_hndl                        
ffffffff  __TI_prof_data_size                        
ffffffff  __TI_prof_data_start                       
00000000  __TI_static_base__                         
00000f75  __TI_zero_init_nomemset                    
000009d1  __aeabi_memcpy                             
000009d1  __aeabi_memcpy4                            
000009d1  __aeabi_memcpy8                            
ffffffff  __binit__                                  
ffffffff  __c_args__                                 
UNDEFED   __mpu_init                                 
2000fe00  __stack                                    
00000db9  _c_int00_noargs                            
UNDEFED   _system_post_cinit                         
00001013  _system_pre_init                           
00001017  abort                                      
ffffffff  binit                                      
000006f5  convert                                    
20000084  digits                                     
20000064  enter                                      
20000030  enter_new                                  
00000000  interruptVectors                           
00000609  main                                       
000009d1  memcpy                                     
20000078  period                                     
2000004c  pwmConfig                                  
000006d7  transmit                                   
0000105c  uartConfig                                 


GLOBAL SYMBOLS: SORTED BY Symbol Address 

address   name                                       
-------   ----                                       
00000000  __TI_static_base__                         
00000000  interruptVectors                           
00000141  SystemCoreClockUpdate                      
00000200  __STACK_SIZE                               
000003b5  SystemInit                                 
00000609  main                                       
0000065d  EUSCIA0_IRQHandler                         
000006d7  transmit                                   
000006f5  convert                                    
000009d1  __aeabi_memcpy                             
000009d1  __aeabi_memcpy4                            
000009d1  __aeabi_memcpy8                            
000009d1  memcpy                                     
00000a6d  UART_initModule                            
00000b01  PCM_gotoLPM3                               
00000b7d  __TI_decompress_lzss                       
00000be5  Interrupt_enableInterrupt                  
00000c49  PCM_shutdownDevice                         
00000c99  GPIO_setAsPeripheralModuleFunctionOutputPin
00000ce5  GPIO_setAsPeripheralModuleFunctionInputPin 
00000d2d  Timer_A_generatePWM                        
00000d75  __TI_auto_init_nobinit_nopinit             
00000db9  _c_int00_noargs                            
00000df1  UART_getEnabledInterruptStatus             
00000e21  PCM_getCoreVoltageLevel                    
00000e4d  PCM_getPowerMode                           
00000e79  PCM_gotoLPM0                               
00000ea1  CS_setDCOCenteredFrequency                 
00000ec5  RTC_C_holdClock                            
00000ee9  UART_receiveData                           
00000f0d  UART_transmitData                          
00000f31  WDT_A_holdTimer                            
00000f49  UART_enableInterrupt                       
00000f61  Interrupt_enableSleepOnIsrExit             
00000f75  __TI_zero_init_nomemset                    
00000f99  Interrupt_enableMaster                     
00000fa9  PCM_gotoLPM4                               
00000fb9  UART_clearInterruptFlag                    
00000fc7  __TI_decompress_none                       
00000fd5  CPU_cpsie                                  
00000fe1  PCM_getPowerState                          
00000fed  UART_enableModule                          
00000ff9  PCM_setPowerMode                           
00001001  PCM_setPowerState                          
00001009  UART_getInterruptStatus                    
0000100f  CPU_wfi                                    
00001013  _system_pre_init                           
00001017  C$$EXIT                                    
00001017  abort                                      
0000105c  uartConfig                                 
000010e8  __TI_Handler_Table_Base                    
000010f4  __TI_Handler_Table_Limit                   
00001100  __TI_CINIT_Base                            
00001110  __TI_CINIT_Limit                           
20000030  enter_new                                  
2000004c  pwmConfig                                  
20000064  enter                                      
20000078  period                                     
2000007c  RXByteCounter                              
20000080  SystemCoreClock                            
20000084  digits                                     
2000fe00  __stack                                    
20010000  __STACK_END                                
4000480c  WDTCTL_SYM                                 
ffffffff  __TI_pprof_out_hndl                        
ffffffff  __TI_prof_data_size                        
ffffffff  __TI_prof_data_start                       
ffffffff  __binit__                                  
ffffffff  __c_args__                                 
ffffffff  binit                                      
UNDEFED   __mpu_init                                 
UNDEFED   _system_post_cinit                         

[72 symbols]
