******************************************************************************
                  TI ARM Linker Unix v18.1.2                   
******************************************************************************
>> Linked Thu Nov  8 13:59:52 2018

OUTPUT FILE NAME:   <UART Speedometer Test Code.out>
ENTRY POINT SYMBOL: "_c_int00_noargs"  address: 00000a99


MEMORY CONFIGURATION

         name            origin    length      used     unused   attr    fill
----------------------  --------  ---------  --------  --------  ----  --------
  MAIN                  00000000   00040000  00000d0a  0003f2f6  R  X
  INFO                  00200000   00004000  00000000  00004000  R  X
  SRAM_CODE             01000000   00010000  00000000  00010000  RW X
  SRAM_DATA             20000000   00010000  00000270  0000fd90  RW  


SEGMENT ALLOCATION MAP

run origin  load origin   length   init length attrs members
----------  ----------- ---------- ----------- ----- -------
00000000    00000000    00000d10   00000d10    r-x
  00000000    00000000    00000140   00000140    r-- .intvecs
  00000140    00000140    00000ae6   00000ae6    r-x .text
  00000c28    00000c28    00000064   00000064    r-- .const
  00000c90    00000c90    00000080   00000080    r-- .cinit
20000000    20000000    00000070   00000000    rw-
  20000000    20000000    0000006c   00000000    rw- .data
  2000006c    2000006c    00000004   00000000    rw- .bss
2000fe00    2000fe00    00000200   00000000    rw-
  2000fe00    2000fe00    00000200   00000000    rw- .stack


SECTION ALLOCATION MAP

 output                                  attributes/
section   page    origin      length       input sections
--------  ----  ----------  ----------   ----------------
.intvecs   0    00000000    00000140     
                  00000000    00000140     startup_msp432p401r_ccs.obj (.intvecs:retain)

.text      0    00000140    00000ae6     
                  00000140    0000035c     main.obj (.text)
                  0000049c    00000328     system_msp432p401r.obj (.text)
                  000007c4    0000009c     rtsv7M4_T_le_v4SPD16_eabi.lib : memcpy_t2.asm.obj (.text)
                  00000860    00000094     msp432p4xx_driverlib.lib : uart.o (.text:UART_initModule)
                  000008f4    00000068     rtsv7M4_T_le_v4SPD16_eabi.lib : copy_decompress_lzss.c.obj (.text:decompress:lzss:__TI_decompress_lzss)
                  0000095c    00000064     msp432p4xx_driverlib.lib : interrupt.o (.text:Interrupt_enableInterrupt)
                  000009c0    0000004c                              : gpio.o (.text:GPIO_setAsPeripheralModuleFunctionOutputPin)
                  00000a0c    00000048                              : gpio.o (.text:GPIO_setAsPeripheralModuleFunctionInputPin)
                  00000a54    00000044     rtsv7M4_T_le_v4SPD16_eabi.lib : autoinit.c.obj (.text:__TI_auto_init_nobinit_nopinit:__TI_auto_init_nobinit_nopinit)
                  00000a98    00000038                                   : boot_cortex_m.c.obj (.text:_c_int00_noargs:_c_int00_noargs)
                  00000ad0    00000030     msp432p4xx_driverlib.lib : uart.o (.text:UART_getEnabledInterruptStatus)
                  00000b00    00000024                              : cs.o (.text:CS_setDCOCenteredFrequency)
                  00000b24    00000024                              : uart.o (.text:UART_receiveData)
                  00000b48    00000024                              : uart.o (.text:UART_transmitData)
                  00000b6c    00000018                              : wdt_a.o (.text:WDT_A_holdTimer)
                  00000b84    00000016                              : uart.o (.text:UART_enableInterrupt)
                  00000b9a    00000002     --HOLE-- [fill = 0]
                  00000b9c    00000014                              : interrupt.o (.text:Interrupt_enableSleepOnIsrExit)
                  00000bb0    00000012     rtsv7M4_T_le_v4SPD16_eabi.lib : copy_zero_init.c.obj (.text:decompress:ZI:__TI_zero_init_nomemset:__TI_zero_init_nomemset)
                  00000bc2    00000012     startup_msp432p401r_ccs.obj (.text)
                  00000bd4    00000010     msp432p4xx_driverlib.lib : interrupt.o (.text:Interrupt_enableMaster)
                  00000be4    0000000e                              : uart.o (.text:UART_clearInterruptFlag)
                  00000bf2    0000000e     rtsv7M4_T_le_v4SPD16_eabi.lib : copy_decompress_none.c.obj (.text:decompress:none:__TI_decompress_none)
                  00000c00    0000000c     msp432p4xx_driverlib.lib : cpu.o (.text:CPU_cpsie)
                  00000c0c    0000000c                              : uart.o (.text:UART_enableModule)
                  00000c18    00000006                              : uart.o (.text:UART_getInterruptStatus)
                  00000c1e    00000004     rtsv7M4_T_le_v4SPD16_eabi.lib : pre_init.c.obj (.text:_system_pre_init)
                  00000c22    00000004                                   : exit.c.obj (.text:abort:abort)

.const     0    00000c28    00000064     
                  00000c28    00000040     msp432p4xx_driverlib.lib : interrupt.o (.const)
                  00000c68    00000024     main.obj (.const:uartConfig)

.cinit     0    00000c90    00000080     
                  00000c90    00000058     (.cinit..data.load) [load image, compression = lzss]
                  00000ce8    0000000c     (__TI_handler_table)
                  00000cf4    00000004     --HOLE-- [fill = 0]
                  00000cf8    00000008     (.cinit..bss.load) [load image, compression = zero_init]
                  00000d00    00000010     (__TI_cinit_table)

.init_array 
*          0    00000000    00000000     UNINITIALIZED

.data      0    20000000    0000006c     UNINITIALIZED
                  20000000    00000030     msp432p4xx_driverlib.lib : gpio.o (.data:GPIO_PORT_TO_BASE)
                  20000030    00000019     main.obj (.data:enter_new)
                  20000049    00000013     main.obj (.data:enter)
                  2000005c    0000000c     main.obj (.data)
                  20000068    00000004     system_msp432p401r.obj (.data)

.bss       0    2000006c    00000004     UNINITIALIZED
                  2000006c    00000004     (.common:digits)

.stack     0    2000fe00    00000200     UNINITIALIZED
                  2000fe00    00000004     rtsv7M4_T_le_v4SPD16_eabi.lib : boot_cortex_m.c.obj (.stack)
                  2000fe04    000001fc     --HOLE--

MODULE SUMMARY

       Module                        code   ro data   rw data
       ------                        ----   -------   -------
    ./
       main.obj                      860    36        60     
       system_msp432p401r.obj        808    0         4      
       startup_msp432p401r_ccs.obj   18     320       0      
    +--+-----------------------------+------+---------+---------+
       Total:                        1686   356       64     
                                                             
    /Applications/ti/ccsv8/tools/compiler/ti-cgt-arm_18.1.2.LTS/lib/rtsv7M4_T_le_v4SPD16_eabi.lib
       memcpy_t2.asm.obj             156    0         0      
       copy_decompress_lzss.c.obj    104    0         0      
       autoinit.c.obj                68     0         0      
       boot_cortex_m.c.obj           56     0         0      
       copy_zero_init.c.obj          18     0         0      
       copy_decompress_none.c.obj    14     0         0      
       exit.c.obj                    4      0         0      
       pre_init.c.obj                4      0         0      
    +--+-----------------------------+------+---------+---------+
       Total:                        424    0         0      
                                                             
    /Applications/ti/msp/MSP432Ware_3_50_00_02/driverlib/driverlib/MSP432P4xx/ccs/msp432p4xx_driverlib.lib
       uart.o                        322    0         0      
       interrupt.o                   136    64        0      
       gpio.o                        148    0         48     
       cs.o                          36     0         0      
       wdt_a.o                       24     0         0      
       cpu.o                         12     0         0      
    +--+-----------------------------+------+---------+---------+
       Total:                        678    64        48     
                                                             
       Stack:                        0      0         512    
       Linker Generated:             0      124       0      
    +--+-----------------------------+------+---------+---------+
       Grand Total:                  2788   544       624    


LINKER GENERATED COPY TABLES

__TI_cinit_table @ 00000d00 records: 2, size/record: 8, table size: 16
	.data: load addr=00000c90, load size=00000058 bytes, run addr=20000000, run size=0000006c bytes, compression=lzss
	.bss: load addr=00000cf8, load size=00000008 bytes, run addr=2000006c, run size=00000004 bytes, compression=zero_init


LINKER GENERATED HANDLER TABLE

__TI_handler_table @ 00000ce8 records: 3, size/record: 4, table size: 12
	index: 0, handler: __TI_decompress_lzss
	index: 1, handler: __TI_decompress_none
	index: 2, handler: __TI_zero_init


GLOBAL SYMBOLS: SORTED ALPHABETICALLY BY Name 

address   name                                       
-------   ----                                       
00000c23  C$$EXIT                                    
00000c01  CPU_cpsie                                  
00000b01  CS_setDCOCenteredFrequency                 
000001c7  EUSCIA0_IRQHandler                         
00000a0d  GPIO_setAsPeripheralModuleFunctionInputPin 
000009c1  GPIO_setAsPeripheralModuleFunctionOutputPin
0000095d  Interrupt_enableInterrupt                  
00000bd5  Interrupt_enableMaster                     
00000b9d  Interrupt_enableSleepOnIsrExit             
2000005c  RXByteCounter                              
20000068  SystemCoreClock                            
0000049d  SystemCoreClockUpdate                      
00000711  SystemInit                                 
00000be5  UART_clearInterruptFlag                    
00000b85  UART_enableInterrupt                       
00000c0d  UART_enableModule                          
00000ad1  UART_getEnabledInterruptStatus             
00000c19  UART_getInterruptStatus                    
00000861  UART_initModule                            
00000b25  UART_receiveData                           
00000b49  UART_transmitData                          
4000480c  WDTCTL_SYM                                 
00000b6d  WDT_A_holdTimer                            
20010000  __STACK_END                                
00000200  __STACK_SIZE                               
00000d00  __TI_CINIT_Base                            
00000d10  __TI_CINIT_Limit                           
00000ce8  __TI_Handler_Table_Base                    
00000cf4  __TI_Handler_Table_Limit                   
00000a55  __TI_auto_init_nobinit_nopinit             
000008f5  __TI_decompress_lzss                       
00000bf3  __TI_decompress_none                       
ffffffff  __TI_pprof_out_hndl                        
ffffffff  __TI_prof_data_size                        
ffffffff  __TI_prof_data_start                       
00000000  __TI_static_base__                         
00000bb1  __TI_zero_init_nomemset                    
000007c5  __aeabi_memcpy                             
000007c5  __aeabi_memcpy4                            
000007c5  __aeabi_memcpy8                            
ffffffff  __binit__                                  
ffffffff  __c_args__                                 
UNDEFED   __mpu_init                                 
2000fe00  __stack                                    
00000a99  _c_int00_noargs                            
UNDEFED   _system_post_cinit                         
00000c1f  _system_pre_init                           
00000c23  abort                                      
ffffffff  binit                                      
00000271  convert                                    
2000006c  digits                                     
000002ed  driveMotor                                 
20000049  enter                                      
20000030  enter_new                                  
00000000  interruptVectors                           
00000141  main                                       
000007c5  memcpy                                     
20000060  newSpeed                                   
20000064  oldSpeed                                   
00000253  transmit                                   
00000c68  uartConfig                                 


GLOBAL SYMBOLS: SORTED BY Symbol Address 

address   name                                       
-------   ----                                       
00000000  __TI_static_base__                         
00000000  interruptVectors                           
00000141  main                                       
000001c7  EUSCIA0_IRQHandler                         
00000200  __STACK_SIZE                               
00000253  transmit                                   
00000271  convert                                    
000002ed  driveMotor                                 
0000049d  SystemCoreClockUpdate                      
00000711  SystemInit                                 
000007c5  __aeabi_memcpy                             
000007c5  __aeabi_memcpy4                            
000007c5  __aeabi_memcpy8                            
000007c5  memcpy                                     
00000861  UART_initModule                            
000008f5  __TI_decompress_lzss                       
0000095d  Interrupt_enableInterrupt                  
000009c1  GPIO_setAsPeripheralModuleFunctionOutputPin
00000a0d  GPIO_setAsPeripheralModuleFunctionInputPin 
00000a55  __TI_auto_init_nobinit_nopinit             
00000a99  _c_int00_noargs                            
00000ad1  UART_getEnabledInterruptStatus             
00000b01  CS_setDCOCenteredFrequency                 
00000b25  UART_receiveData                           
00000b49  UART_transmitData                          
00000b6d  WDT_A_holdTimer                            
00000b85  UART_enableInterrupt                       
00000b9d  Interrupt_enableSleepOnIsrExit             
00000bb1  __TI_zero_init_nomemset                    
00000bd5  Interrupt_enableMaster                     
00000be5  UART_clearInterruptFlag                    
00000bf3  __TI_decompress_none                       
00000c01  CPU_cpsie                                  
00000c0d  UART_enableModule                          
00000c19  UART_getInterruptStatus                    
00000c1f  _system_pre_init                           
00000c23  C$$EXIT                                    
00000c23  abort                                      
00000c68  uartConfig                                 
00000ce8  __TI_Handler_Table_Base                    
00000cf4  __TI_Handler_Table_Limit                   
00000d00  __TI_CINIT_Base                            
00000d10  __TI_CINIT_Limit                           
20000030  enter_new                                  
20000049  enter                                      
2000005c  RXByteCounter                              
20000060  newSpeed                                   
20000064  oldSpeed                                   
20000068  SystemCoreClock                            
2000006c  digits                                     
2000fe00  __stack                                    
20010000  __STACK_END                                
4000480c  WDTCTL_SYM                                 
ffffffff  __TI_pprof_out_hndl                        
ffffffff  __TI_prof_data_size                        
ffffffff  __TI_prof_data_start                       
ffffffff  __binit__                                  
ffffffff  __c_args__                                 
ffffffff  binit                                      
UNDEFED   __mpu_init                                 
UNDEFED   _system_post_cinit                         

[61 symbols]
