******************************************************************************
                  TI ARM Linker PC v18.1.2                     
******************************************************************************
>> Linked Tue Oct  9 14:42:18 2018

OUTPUT FILE NAME:   <EGR_326_Lab6_PreLab.out>
ENTRY POINT SYMBOL: "_c_int00_noargs"  address: 000009e5


MEMORY CONFIGURATION

         name            origin    length      used     unused   attr    fill
----------------------  --------  ---------  --------  --------  ----  --------
  MAIN                  00000000   00040000  00000b22  0003f4de  R  X
  INFO                  00200000   00004000  00000000  00004000  R  X
  SRAM_CODE             01000000   00010000  00000000  00010000  RW X
  SRAM_DATA             20000000   00010000  0000020c  0000fdf4  RW  


SEGMENT ALLOCATION MAP

run origin  load origin   length   init length attrs members
----------  ----------- ---------- ----------- ----- -------
00000000    00000000    00000b28   00000b28    r-x
  00000000    00000000    00000140   00000140    r-- .intvecs
  00000140    00000140    000009b2   000009b2    r-x .text
  00000af8    00000af8    00000030   00000030    r-- .cinit
20000000    20000000    0000000c   00000000    rw-
  20000000    20000000    00000008   00000000    rw- .bss
  20000008    20000008    00000004   00000000    rw- .data
2000fe00    2000fe00    00000200   00000000    rw-
  2000fe00    2000fe00    00000200   00000000    rw- .stack


SECTION ALLOCATION MAP

 output                                  attributes/
section   page    origin      length       input sections
--------  ----  ----------  ----------   ----------------
.intvecs   0    00000000    00000140     
                  00000000    00000140     startup_msp432p401r_ccs.obj (.intvecs:retain)

.text      0    00000140    000009b2     
                  00000140    00000328     system_msp432p401r.obj (.text)
                  00000468    00000104     msp432p4xx_driverlib.lib : cs.o (.text:CS_getDCOFrequency)
                  0000056c    000000a4     Lab6_Prelab.obj (.text)
                  00000610    0000009c     msp432p4xx_driverlib.lib : cs.o (.text:CS_startHFXTWithTimeout)
                  000006ac    0000009c                              : cs.o (.text:_CSComputeCLKFrequency)
                  00000748    0000009c     rtsv7M4_T_le_v4SPD16_eabi.lib : memcpy_t2.asm.obj (.text)
                  000007e4    00000070     msp432p4xx_driverlib.lib : cs.o (.text:_CSGetHFXTFrequency)
                  00000854    00000068     rtsv7M4_T_le_v4SPD16_eabi.lib : copy_decompress_lzss.c.obj (.text:decompress:lzss:__TI_decompress_lzss)
                  000008bc    00000050     msp432p4xx_driverlib.lib : sysctl.o (.text:SysCtl_getTLVInfo)
                  0000090c    0000004c                              : cs.o (.text:_CSGetDOCFrequency)
                  00000958    00000048                              : cs.o (.text:_CSGetDividerValue)
                  000009a0    00000044     rtsv7M4_T_le_v4SPD16_eabi.lib : autoinit.c.obj (.text:__TI_auto_init_nobinit_nopinit:__TI_auto_init_nobinit_nopinit)
                  000009e4    00000038                                   : boot_cortex_m.c.obj (.text:_c_int00_noargs:_c_int00_noargs)
                  00000a1c    00000024     msp432p4xx_driverlib.lib : cs.o (.text:CS_clearInterruptFlag)
                  00000a40    00000018                              : cs.o (.text:CS_getMCLK)
                  00000a58    00000018                              : cs.o (.text:CS_getSMCLK)
                  00000a70    00000014                              : cs.o (.text:CS_setExternalClockSourceFrequency)
                  00000a84    00000012     rtsv7M4_T_le_v4SPD16_eabi.lib : copy_zero_init.c.obj (.text:decompress:ZI:__TI_zero_init_nomemset:__TI_zero_init_nomemset)
                  00000a96    00000012     startup_msp432p401r_ccs.obj (.text)
                  00000aa8    00000010     msp432p4xx_driverlib.lib : sysctl.o (.text:SysCtl_disableNMISource)
                  00000ab8    00000010                              : sysctl.o (.text:SysCtl_enableNMISource)
                  00000ac8    0000000e     rtsv7M4_T_le_v4SPD16_eabi.lib : copy_decompress_none.c.obj (.text:decompress:none:__TI_decompress_none)
                  00000ad6    00000002     --HOLE-- [fill = 0]
                  00000ad8    0000000c     msp432p4xx_driverlib.lib : sysctl.o (.text:SysCtl_getNMISourceStatus)
                  00000ae4    00000006                              : cs.o (.text:CS_startHFXT)
                  00000aea    00000004     rtsv7M4_T_le_v4SPD16_eabi.lib : pre_init.c.obj (.text:_system_pre_init)
                  00000aee    00000004                                   : exit.c.obj (.text:abort:abort)

.cinit     0    00000af8    00000030     
                  00000af8    0000000c     (__TI_handler_table)
                  00000b04    00000004     --HOLE-- [fill = 0]
                  00000b08    00000008     (.cinit..bss.load) [load image, compression = zero_init]
                  00000b10    00000008     (.cinit..data.load) [load image, compression = lzss]
                  00000b18    00000010     (__TI_cinit_table)

.init_array 
*          0    00000000    00000000     UNINITIALIZED

.bss       0    20000000    00000008     UNINITIALIZED
                  20000000    00000004     (.common:hfxtFreq)
                  20000004    00000004     (.common:lfxtFreq)

.data      0    20000008    00000004     UNINITIALIZED
                  20000008    00000004     system_msp432p401r.obj (.data)

.stack     0    2000fe00    00000200     UNINITIALIZED
                  2000fe00    00000004     rtsv7M4_T_le_v4SPD16_eabi.lib : boot_cortex_m.c.obj (.stack)
                  2000fe04    000001fc     --HOLE--

MODULE SUMMARY

       Module                        code   ro data   rw data
       ------                        ----   -------   -------
    .\
       system_msp432p401r.obj        808    0         4      
       startup_msp432p401r_ccs.obj   18     320       0      
       Lab6_Prelab.obj               164    0         0      
    +--+-----------------------------+------+---------+---------+
       Total:                        990    320       4      
                                                             
    C:/ti/msp/MSP432Ware_3_50_00_02/driverlib/driverlib/MSP432P4xx/ccs/msp432p4xx_driverlib.lib
       cs.o                          942    0         8      
       sysctl.o                      124    0         0      
    +--+-----------------------------+------+---------+---------+
       Total:                        1066   0         8      
                                                             
    C:\ti\ccsv8\tools\compiler\ti-cgt-arm_18.1.2.LTS\lib\rtsv7M4_T_le_v4SPD16_eabi.lib
       memcpy_t2.asm.obj             156    0         0      
       copy_decompress_lzss.c.obj    104    0         0      
       autoinit.c.obj                68     0         0      
       boot_cortex_m.c.obj           56     0         0      
       copy_zero_init.c.obj          18     0         0      
       copy_decompress_none.c.obj    14     0         0      
       exit.c.obj                    4      0         0      
       pre_init.c.obj                4      0         0      
    +--+-----------------------------+------+---------+---------+
       Total:                        424    0         0      
                                                             
       Stack:                        0      0         512    
       Linker Generated:             0      44        0      
    +--+-----------------------------+------+---------+---------+
       Grand Total:                  2480   364       524    


LINKER GENERATED COPY TABLES

__TI_cinit_table @ 00000b18 records: 2, size/record: 8, table size: 16
	.bss: load addr=00000b08, load size=00000008 bytes, run addr=20000000, run size=00000008 bytes, compression=zero_init
	.data: load addr=00000b10, load size=00000008 bytes, run addr=20000008, run size=00000004 bytes, compression=lzss


LINKER GENERATED HANDLER TABLE

__TI_handler_table @ 00000af8 records: 3, size/record: 4, table size: 12
	index: 0, handler: __TI_decompress_lzss
	index: 1, handler: __TI_decompress_none
	index: 2, handler: __TI_zero_init


GLOBAL SYMBOLS: SORTED ALPHABETICALLY BY Name 

address   name                              
-------   ----                              
00000aef  C$$EXIT                           
00000a1d  CS_clearInterruptFlag             
00000469  CS_getDCOFrequency                
00000a41  CS_getMCLK                        
00000a59  CS_getSMCLK                       
00000a71  CS_setExternalClockSourceFrequency
00000ae5  CS_startHFXT                      
00000611  CS_startHFXTWithTimeout           
00000aa9  SysCtl_disableNMISource           
00000ab9  SysCtl_enableNMISource            
00000ad9  SysCtl_getNMISourceStatus         
000008bd  SysCtl_getTLVInfo                 
20000008  SystemCoreClock                   
00000141  SystemCoreClockUpdate             
000003b5  SystemInit                        
4000480c  WDTCTL_SYM                        
20010000  __STACK_END                       
00000200  __STACK_SIZE                      
00000b18  __TI_CINIT_Base                   
00000b28  __TI_CINIT_Limit                  
00000af8  __TI_Handler_Table_Base           
00000b04  __TI_Handler_Table_Limit          
000009a1  __TI_auto_init_nobinit_nopinit    
00000855  __TI_decompress_lzss              
00000ac9  __TI_decompress_none              
ffffffff  __TI_pprof_out_hndl               
ffffffff  __TI_prof_data_size               
ffffffff  __TI_prof_data_start              
00000000  __TI_static_base__                
00000a85  __TI_zero_init_nomemset           
00000749  __aeabi_memcpy                    
00000749  __aeabi_memcpy4                   
00000749  __aeabi_memcpy8                   
ffffffff  __binit__                         
ffffffff  __c_args__                        
UNDEFED   __mpu_init                        
2000fe00  __stack                           
000009e5  _c_int00_noargs                   
UNDEFED   _system_post_cinit                
00000aeb  _system_pre_init                  
00000aef  abort                             
ffffffff  binit                             
0000059d  clock48MHz                        
00000000  interruptVectors                  
0000056d  main                              
00000749  memcpy                            
0000059b  pin_init                          


GLOBAL SYMBOLS: SORTED BY Symbol Address 

address   name                              
-------   ----                              
00000000  __TI_static_base__                
00000000  interruptVectors                  
00000141  SystemCoreClockUpdate             
00000200  __STACK_SIZE                      
000003b5  SystemInit                        
00000469  CS_getDCOFrequency                
0000056d  main                              
0000059b  pin_init                          
0000059d  clock48MHz                        
00000611  CS_startHFXTWithTimeout           
00000749  __aeabi_memcpy                    
00000749  __aeabi_memcpy4                   
00000749  __aeabi_memcpy8                   
00000749  memcpy                            
00000855  __TI_decompress_lzss              
000008bd  SysCtl_getTLVInfo                 
000009a1  __TI_auto_init_nobinit_nopinit    
000009e5  _c_int00_noargs                   
00000a1d  CS_clearInterruptFlag             
00000a41  CS_getMCLK                        
00000a59  CS_getSMCLK                       
00000a71  CS_setExternalClockSourceFrequency
00000a85  __TI_zero_init_nomemset           
00000aa9  SysCtl_disableNMISource           
00000ab9  SysCtl_enableNMISource            
00000ac9  __TI_decompress_none              
00000ad9  SysCtl_getNMISourceStatus         
00000ae5  CS_startHFXT                      
00000aeb  _system_pre_init                  
00000aef  C$$EXIT                           
00000aef  abort                             
00000af8  __TI_Handler_Table_Base           
00000b04  __TI_Handler_Table_Limit          
00000b18  __TI_CINIT_Base                   
00000b28  __TI_CINIT_Limit                  
20000008  SystemCoreClock                   
2000fe00  __stack                           
20010000  __STACK_END                       
4000480c  WDTCTL_SYM                        
ffffffff  __TI_pprof_out_hndl               
ffffffff  __TI_prof_data_size               
ffffffff  __TI_prof_data_start              
ffffffff  __binit__                         
ffffffff  __c_args__                        
ffffffff  binit                             
UNDEFED   __mpu_init                        
UNDEFED   _system_post_cinit                

[47 symbols]
